
> northstar-local@0.1.0 test:contract
> node --test tests/contract.test.mjs

✔ 10h→4h: capacity holds and task definitions survive (1.3482ms)
✔ idempotent request does not append audit (0.2007ms)
✔ key order does not defeat canonical idempotency (0.2634ms)
✔ same request id with different content rejected (0.4273ms)
✔ stale version cannot overwrite (0.5688ms)
✔ different plan cannot be patched (0.1432ms)
✔ initial auto-adjust consent required (0.1581ms)
✔ model cannot add arbitrary authority field (0.1068ms)
✔ high-level goal operation rejected (0.1516ms)
✔ arbitrary SQL path rejected (0.1998ms)
✔ locked responsibility protected (0.1344ms)
✔ completed record protected (0.1204ms)
✔ hard deadline cannot silently be unscheduled (0.1112ms)
✔ unknown task rejected (0.1071ms)
✔ duplicate target rejected (0.1362ms)
✔ batch rejection rolls back prior legal actions (0.0953ms)
✔ capacity remains hard bound (0.092ms)
✔ negative capacity invalid (0.0688ms)
✔ cross-week reschedule requires proposal (0.739ms)
✔ invalid date fails closed (0.2061ms)
✔ unschedule action must use null (0.1207ms)
✔ rank must be integer (0.1413ms)
✔ second primary focus rejected (0.1092ms)
✔ dependency cannot be removed beneath active task (0.1253ms)
✔ undo appends compensation and restores schedule (0.2256ms)
✔ undo rejects intervening edit (0.1393ms)
✔ old request cannot be reapplied after undo (0.1488ms)
✔ no records means unknown, not failure (0.0771ms)
✔ insufficient coverage does not produce a performance rate (0.0442ms)
✔ cancelled is not completed; partial is not fully completed (0.0586ms)
✔ review reward is capped and de-duplicated (0.1842ms)
✔ same evidence cannot be rewarded next week (0.0594ms)
✔ unconfirmed evidence receives no XP (0.0353ms)
✔ recovery toggles and task ticks receive no XP (0.0399ms)
✔ weekly cap bounds milestone farming (0.0951ms)
✔ correction lowers valid XP but never reached stage (0.1088ms)
✔ API root preserves /v1 with no duplication (0.1261ms)
✔ custom proxy path preserved (0.0735ms)
✔ loopback HTTP needs explicit local consent (0.0666ms)
✔ remote HTTP disallowed even with local flag (0.0377ms)
✔ credential in URL rejected (0.0342ms)
✔ query in API root rejected (0.0562ms)
✔ full completion endpoint not mistaken for API root (0.0368ms)
✔ undo must not exceed currently approved capacity (0.4927ms)
✔ request IDs cannot alter receipt object prototypes (0.1243ms)
ℹ tests 45
ℹ suites 0
ℹ pass 45
ℹ fail 0
ℹ cancelled 0
ℹ skipped 0
ℹ todo 0
ℹ duration_ms 77.1391
